[2025-04-25 20:13:01] Creating test patient with data:
Array
(
    [user_id] => 3
    [first_name] => Test
    [last_name] => Patient
    [phone] => 1234567890
    [date_of_birth] => 1990-01-01
    [gender] => Male
    [age] => 30
    [bio_data] => {"blood_group":"O+","genotype":"AA","height":"170","weight":"70","allergies":"None","chronic_conditions":"None","current_medications":"None","emergency_contact":"09087654321","notes":"Test patient for PHPUnit tests"}
    [created_at] => 2025-04-25 20:13:01
    [updated_at] => 2025-04-25 20:13:01
)

[2025-04-25 20:13:01] Patient created successfully:
HospitalManager\Models\Patient Object
(
    [type:protected] => post
    [status:protected] => draft
    [forceDelete:protected] => 
    [attributes:protected] => Array
        (
            [user_id] => 3
            [first_name] => Test
            [last_name] => Patient
            [phone] => 1234567890
            [date_of_birth] => 1990-01-01
            [gender] => Male
            [age] => 30
            [bio_data] => {"blood_group":"O+","genotype":"AA","height":"170","weight":"70","allergies":"None","chronic_conditions":"None","current_medications":"None","emergency_contact":"09087654321","notes":"Test patient for PHPUnit tests"}
            [created_at] => 2025-04-25 20:13:01
            [updated_at] => 2025-04-25 20:13:01
            [id] => 1
            [ID] => 1
        )

    [hidden:protected] => Array
        (
        )

    [registry:protected] => Array
        (
            [public] => 1
            [publicly_queryable] => 1
            [show_ui] => 1
            [show_in_menu] => 1
            [query_var] => 1
            [capability_type] => post
            [has_archive] => 1
            [hierarchical] => 
            [menu_position] => 
        )

    [registry_labels:protected] => Array
        (
        )

    [registry_supports:protected] => Array
        (
            [0] => title
            [1] => editor
            [2] => author
            [3] => thumbnail
            [4] => excerpt
            [5] => comments
        )

    [registry_rewrite:protected] => Array
        (
        )

    [registry_metabox:protected] => 1
    [registry_controller:protected] => 
    [registry_taxonomies:protected] => Array
        (
        )

    [meta:protected] => Array
        (
        )

    [decode_json_meta:protected] => 1
    [aliases:protected] => Array
        (
        )

    [rel:protected] => Array
        (
            [has_one] => Array
                (
                )

            [has_many] => Array
                (
                )

            [belongs_to] => Array
                (
                )

        )

    [primaryKey:protected] => id
    [tableName:protected] => hm_patients
    [fillable:protected] => Array
        (
            [0] => user_id
            [1] => first_name
            [2] => last_name
            [3] => hmo_id
            [4] => hmo_designated_id
            [5] => phone
            [6] => date_of_birth
            [7] => age
            [8] => gender
            [9] => address
            [10] => bio_data
        )

)

[2025-04-25 20:13:01] testGetChatAsPatient
Array
(
    [0] => stdClass Object
        (
            [id] => 1
            [doctor_id] => 2
            [patient_id] => 1
            [status] => active
            [last_message_at] => 2025-04-25 21:13:01
            [created_at] => 2025-04-25 20:13:01
            [updated_at] => 2025-04-25 21:13:01
            [ID] => 1
        )

)

[2025-04-25 20:13:01] Creating test patient with data:
Array
(
    [user_id] => 5
    [first_name] => Test
    [last_name] => Patient
    [phone] => 1234567890
    [date_of_birth] => 1990-01-01
    [gender] => Male
    [age] => 30
    [bio_data] => {"blood_group":"O+","genotype":"AA","height":"170","weight":"70","allergies":"None","chronic_conditions":"None","current_medications":"None","emergency_contact":"09087654321","notes":"Test patient for PHPUnit tests"}
    [created_at] => 2025-04-25 20:13:01
    [updated_at] => 2025-04-25 20:13:01
)

[2025-04-25 20:13:01] Patient created successfully:
HospitalManager\Models\Patient Object
(
    [type:protected] => post
    [status:protected] => draft
    [forceDelete:protected] => 
    [attributes:protected] => Array
        (
            [user_id] => 5
            [first_name] => Test
            [last_name] => Patient
            [phone] => 1234567890
            [date_of_birth] => 1990-01-01
            [gender] => Male
            [age] => 30
            [bio_data] => {"blood_group":"O+","genotype":"AA","height":"170","weight":"70","allergies":"None","chronic_conditions":"None","current_medications":"None","emergency_contact":"09087654321","notes":"Test patient for PHPUnit tests"}
            [created_at] => 2025-04-25 20:13:01
            [updated_at] => 2025-04-25 20:13:01
            [id] => 2
            [ID] => 2
        )

    [hidden:protected] => Array
        (
        )

    [registry:protected] => Array
        (
            [public] => 1
            [publicly_queryable] => 1
            [show_ui] => 1
            [show_in_menu] => 1
            [query_var] => 1
            [capability_type] => post
            [has_archive] => 1
            [hierarchical] => 
            [menu_position] => 
        )

    [registry_labels:protected] => Array
        (
        )

    [registry_supports:protected] => Array
        (
            [0] => title
            [1] => editor
            [2] => author
            [3] => thumbnail
            [4] => excerpt
            [5] => comments
        )

    [registry_rewrite:protected] => Array
        (
        )

    [registry_metabox:protected] => 1
    [registry_controller:protected] => 
    [registry_taxonomies:protected] => Array
        (
        )

    [meta:protected] => Array
        (
        )

    [decode_json_meta:protected] => 1
    [aliases:protected] => Array
        (
        )

    [rel:protected] => Array
        (
            [has_one] => Array
                (
                )

            [has_many] => Array
                (
                )

            [belongs_to] => Array
                (
                )

        )

    [primaryKey:protected] => id
    [tableName:protected] => hm_patients
    [fillable:protected] => Array
        (
            [0] => user_id
            [1] => first_name
            [2] => last_name
            [3] => hmo_id
            [4] => hmo_designated_id
            [5] => phone
            [6] => date_of_birth
            [7] => age
            [8] => gender
            [9] => address
            [10] => bio_data
        )

)

[2025-04-25 20:13:01] Creating test patient with data:
Array
(
    [user_id] => 7
    [first_name] => Test
    [last_name] => Patient
    [phone] => 1234567890
    [date_of_birth] => 1990-01-01
    [gender] => Male
    [age] => 30
    [bio_data] => {"blood_group":"O+","genotype":"AA","height":"170","weight":"70","allergies":"None","chronic_conditions":"None","current_medications":"None","emergency_contact":"09087654321","notes":"Test patient for PHPUnit tests"}
    [created_at] => 2025-04-25 20:13:01
    [updated_at] => 2025-04-25 20:13:01
)

[2025-04-25 20:13:01] Patient created successfully:
HospitalManager\Models\Patient Object
(
    [type:protected] => post
    [status:protected] => draft
    [forceDelete:protected] => 
    [attributes:protected] => Array
        (
            [user_id] => 7
            [first_name] => Test
            [last_name] => Patient
            [phone] => 1234567890
            [date_of_birth] => 1990-01-01
            [gender] => Male
            [age] => 30
            [bio_data] => {"blood_group":"O+","genotype":"AA","height":"170","weight":"70","allergies":"None","chronic_conditions":"None","current_medications":"None","emergency_contact":"09087654321","notes":"Test patient for PHPUnit tests"}
            [created_at] => 2025-04-25 20:13:01
            [updated_at] => 2025-04-25 20:13:01
            [id] => 3
            [ID] => 3
        )

    [hidden:protected] => Array
        (
        )

    [registry:protected] => Array
        (
            [public] => 1
            [publicly_queryable] => 1
            [show_ui] => 1
            [show_in_menu] => 1
            [query_var] => 1
            [capability_type] => post
            [has_archive] => 1
            [hierarchical] => 
            [menu_position] => 
        )

    [registry_labels:protected] => Array
        (
        )

    [registry_supports:protected] => Array
        (
            [0] => title
            [1] => editor
            [2] => author
            [3] => thumbnail
            [4] => excerpt
            [5] => comments
        )

    [registry_rewrite:protected] => Array
        (
        )

    [registry_metabox:protected] => 1
    [registry_controller:protected] => 
    [registry_taxonomies:protected] => Array
        (
        )

    [meta:protected] => Array
        (
        )

    [decode_json_meta:protected] => 1
    [aliases:protected] => Array
        (
        )

    [rel:protected] => Array
        (
            [has_one] => Array
                (
                )

            [has_many] => Array
                (
                )

            [belongs_to] => Array
                (
                )

        )

    [primaryKey:protected] => id
    [tableName:protected] => hm_patients
    [fillable:protected] => Array
        (
            [0] => user_id
            [1] => first_name
            [2] => last_name
            [3] => hmo_id
            [4] => hmo_designated_id
            [5] => phone
            [6] => date_of_birth
            [7] => age
            [8] => gender
            [9] => address
            [10] => bio_data
        )

)

[2025-04-25 20:13:01] Creating test patient with data:
Array
(
    [user_id] => 9
    [first_name] => Test
    [last_name] => Patient
    [phone] => 1234567890
    [date_of_birth] => 1990-01-01
    [gender] => Male
    [age] => 30
    [bio_data] => {"blood_group":"O+","genotype":"AA","height":"170","weight":"70","allergies":"None","chronic_conditions":"None","current_medications":"None","emergency_contact":"09087654321","notes":"Test patient for PHPUnit tests"}
    [created_at] => 2025-04-25 20:13:01
    [updated_at] => 2025-04-25 20:13:01
)

[2025-04-25 20:13:01] Patient created successfully:
HospitalManager\Models\Patient Object
(
    [type:protected] => post
    [status:protected] => draft
    [forceDelete:protected] => 
    [attributes:protected] => Array
        (
            [user_id] => 9
            [first_name] => Test
            [last_name] => Patient
            [phone] => 1234567890
            [date_of_birth] => 1990-01-01
            [gender] => Male
            [age] => 30
            [bio_data] => {"blood_group":"O+","genotype":"AA","height":"170","weight":"70","allergies":"None","chronic_conditions":"None","current_medications":"None","emergency_contact":"09087654321","notes":"Test patient for PHPUnit tests"}
            [created_at] => 2025-04-25 20:13:01
            [updated_at] => 2025-04-25 20:13:01
            [id] => 4
            [ID] => 4
        )

    [hidden:protected] => Array
        (
        )

    [registry:protected] => Array
        (
            [public] => 1
            [publicly_queryable] => 1
            [show_ui] => 1
            [show_in_menu] => 1
            [query_var] => 1
            [capability_type] => post
            [has_archive] => 1
            [hierarchical] => 
            [menu_position] => 
        )

    [registry_labels:protected] => Array
        (
        )

    [registry_supports:protected] => Array
        (
            [0] => title
            [1] => editor
            [2] => author
            [3] => thumbnail
            [4] => excerpt
            [5] => comments
        )

    [registry_rewrite:protected] => Array
        (
        )

    [registry_metabox:protected] => 1
    [registry_controller:protected] => 
    [registry_taxonomies:protected] => Array
        (
        )

    [meta:protected] => Array
        (
        )

    [decode_json_meta:protected] => 1
    [aliases:protected] => Array
        (
        )

    [rel:protected] => Array
        (
            [has_one] => Array
                (
                )

            [has_many] => Array
                (
                )

            [belongs_to] => Array
                (
                )

        )

    [primaryKey:protected] => id
    [tableName:protected] => hm_patients
    [fillable:protected] => Array
        (
            [0] => user_id
            [1] => first_name
            [2] => last_name
            [3] => hmo_id
            [4] => hmo_designated_id
            [5] => phone
            [6] => date_of_birth
            [7] => age
            [8] => gender
            [9] => address
            [10] => bio_data
        )

)

[2025-04-25 20:13:02] Creating test patient with data:
Array
(
    [user_id] => 11
    [first_name] => Test
    [last_name] => Patient
    [phone] => 1234567890
    [date_of_birth] => 1990-01-01
    [gender] => Male
    [age] => 30
    [bio_data] => {"blood_group":"O+","genotype":"AA","height":"170","weight":"70","allergies":"None","chronic_conditions":"None","current_medications":"None","emergency_contact":"09087654321","notes":"Test patient for PHPUnit tests"}
    [created_at] => 2025-04-25 20:13:02
    [updated_at] => 2025-04-25 20:13:02
)

[2025-04-25 20:13:02] Patient created successfully:
HospitalManager\Models\Patient Object
(
    [type:protected] => post
    [status:protected] => draft
    [forceDelete:protected] => 
    [attributes:protected] => Array
        (
            [user_id] => 11
            [first_name] => Test
            [last_name] => Patient
            [phone] => 1234567890
            [date_of_birth] => 1990-01-01
            [gender] => Male
            [age] => 30
            [bio_data] => {"blood_group":"O+","genotype":"AA","height":"170","weight":"70","allergies":"None","chronic_conditions":"None","current_medications":"None","emergency_contact":"09087654321","notes":"Test patient for PHPUnit tests"}
            [created_at] => 2025-04-25 20:13:02
            [updated_at] => 2025-04-25 20:13:02
            [id] => 5
            [ID] => 5
        )

    [hidden:protected] => Array
        (
        )

    [registry:protected] => Array
        (
            [public] => 1
            [publicly_queryable] => 1
            [show_ui] => 1
            [show_in_menu] => 1
            [query_var] => 1
            [capability_type] => post
            [has_archive] => 1
            [hierarchical] => 
            [menu_position] => 
        )

    [registry_labels:protected] => Array
        (
        )

    [registry_supports:protected] => Array
        (
            [0] => title
            [1] => editor
            [2] => author
            [3] => thumbnail
            [4] => excerpt
            [5] => comments
        )

    [registry_rewrite:protected] => Array
        (
        )

    [registry_metabox:protected] => 1
    [registry_controller:protected] => 
    [registry_taxonomies:protected] => Array
        (
        )

    [meta:protected] => Array
        (
        )

    [decode_json_meta:protected] => 1
    [aliases:protected] => Array
        (
        )

    [rel:protected] => Array
        (
            [has_one] => Array
                (
                )

            [has_many] => Array
                (
                )

            [belongs_to] => Array
                (
                )

        )

    [primaryKey:protected] => id
    [tableName:protected] => hm_patients
    [fillable:protected] => Array
        (
            [0] => user_id
            [1] => first_name
            [2] => last_name
            [3] => hmo_id
            [4] => hmo_designated_id
            [5] => phone
            [6] => date_of_birth
            [7] => age
            [8] => gender
            [9] => address
            [10] => bio_data
        )

)

[2025-04-25 20:13:02] Creating test patient with data:
Array
(
    [user_id] => 13
    [first_name] => Test
    [last_name] => Patient
    [phone] => 1234567890
    [date_of_birth] => 1990-01-01
    [gender] => Male
    [age] => 30
    [bio_data] => {"blood_group":"O+","genotype":"AA","height":"170","weight":"70","allergies":"None","chronic_conditions":"None","current_medications":"None","emergency_contact":"09087654321","notes":"Test patient for PHPUnit tests"}
    [created_at] => 2025-04-25 20:13:02
    [updated_at] => 2025-04-25 20:13:02
)

[2025-04-25 20:13:02] Patient created successfully:
HospitalManager\Models\Patient Object
(
    [type:protected] => post
    [status:protected] => draft
    [forceDelete:protected] => 
    [attributes:protected] => Array
        (
            [user_id] => 13
            [first_name] => Test
            [last_name] => Patient
            [phone] => 1234567890
            [date_of_birth] => 1990-01-01
            [gender] => Male
            [age] => 30
            [bio_data] => {"blood_group":"O+","genotype":"AA","height":"170","weight":"70","allergies":"None","chronic_conditions":"None","current_medications":"None","emergency_contact":"09087654321","notes":"Test patient for PHPUnit tests"}
            [created_at] => 2025-04-25 20:13:02
            [updated_at] => 2025-04-25 20:13:02
            [id] => 6
            [ID] => 6
        )

    [hidden:protected] => Array
        (
        )

    [registry:protected] => Array
        (
            [public] => 1
            [publicly_queryable] => 1
            [show_ui] => 1
            [show_in_menu] => 1
            [query_var] => 1
            [capability_type] => post
            [has_archive] => 1
            [hierarchical] => 
            [menu_position] => 
        )

    [registry_labels:protected] => Array
        (
        )

    [registry_supports:protected] => Array
        (
            [0] => title
            [1] => editor
            [2] => author
            [3] => thumbnail
            [4] => excerpt
            [5] => comments
        )

    [registry_rewrite:protected] => Array
        (
        )

    [registry_metabox:protected] => 1
    [registry_controller:protected] => 
    [registry_taxonomies:protected] => Array
        (
        )

    [meta:protected] => Array
        (
        )

    [decode_json_meta:protected] => 1
    [aliases:protected] => Array
        (
        )

    [rel:protected] => Array
        (
            [has_one] => Array
                (
                )

            [has_many] => Array
                (
                )

            [belongs_to] => Array
                (
                )

        )

    [primaryKey:protected] => id
    [tableName:protected] => hm_patients
    [fillable:protected] => Array
        (
            [0] => user_id
            [1] => first_name
            [2] => last_name
            [3] => hmo_id
            [4] => hmo_designated_id
            [5] => phone
            [6] => date_of_birth
            [7] => age
            [8] => gender
            [9] => address
            [10] => bio_data
        )

)

[2025-04-25 20:13:02] Creating test patient with data:
Array
(
    [user_id] => 15
    [first_name] => Test
    [last_name] => Patient
    [phone] => 1234567890
    [date_of_birth] => 1990-01-01
    [gender] => Male
    [age] => 30
    [bio_data] => {"blood_group":"O+","genotype":"AA","height":"170","weight":"70","allergies":"None","chronic_conditions":"None","current_medications":"None","emergency_contact":"09087654321","notes":"Test patient for PHPUnit tests"}
    [created_at] => 2025-04-25 20:13:02
    [updated_at] => 2025-04-25 20:13:02
)

[2025-04-25 20:13:02] Patient created successfully:
HospitalManager\Models\Patient Object
(
    [type:protected] => post
    [status:protected] => draft
    [forceDelete:protected] => 
    [attributes:protected] => Array
        (
            [user_id] => 15
            [first_name] => Test
            [last_name] => Patient
            [phone] => 1234567890
            [date_of_birth] => 1990-01-01
            [gender] => Male
            [age] => 30
            [bio_data] => {"blood_group":"O+","genotype":"AA","height":"170","weight":"70","allergies":"None","chronic_conditions":"None","current_medications":"None","emergency_contact":"09087654321","notes":"Test patient for PHPUnit tests"}
            [created_at] => 2025-04-25 20:13:02
            [updated_at] => 2025-04-25 20:13:02
            [id] => 7
            [ID] => 7
        )

    [hidden:protected] => Array
        (
        )

    [registry:protected] => Array
        (
            [public] => 1
            [publicly_queryable] => 1
            [show_ui] => 1
            [show_in_menu] => 1
            [query_var] => 1
            [capability_type] => post
            [has_archive] => 1
            [hierarchical] => 
            [menu_position] => 
        )

    [registry_labels:protected] => Array
        (
        )

    [registry_supports:protected] => Array
        (
            [0] => title
            [1] => editor
            [2] => author
            [3] => thumbnail
            [4] => excerpt
            [5] => comments
        )

    [registry_rewrite:protected] => Array
        (
        )

    [registry_metabox:protected] => 1
    [registry_controller:protected] => 
    [registry_taxonomies:protected] => Array
        (
        )

    [meta:protected] => Array
        (
        )

    [decode_json_meta:protected] => 1
    [aliases:protected] => Array
        (
        )

    [rel:protected] => Array
        (
            [has_one] => Array
                (
                )

            [has_many] => Array
                (
                )

            [belongs_to] => Array
                (
                )

        )

    [primaryKey:protected] => id
    [tableName:protected] => hm_patients
    [fillable:protected] => Array
        (
            [0] => user_id
            [1] => first_name
            [2] => last_name
            [3] => hmo_id
            [4] => hmo_designated_id
            [5] => phone
            [6] => date_of_birth
            [7] => age
            [8] => gender
            [9] => address
            [10] => bio_data
        )

)

[2025-04-25 20:13:02] Creating test patient with data:
Array
(
    [user_id] => 17
    [first_name] => Test
    [last_name] => Patient
    [phone] => 1234567890
    [date_of_birth] => 1990-01-01
    [gender] => Male
    [age] => 30
    [bio_data] => {"blood_group":"O+","genotype":"AA","height":"170","weight":"70","allergies":"None","chronic_conditions":"None","current_medications":"None","emergency_contact":"09087654321","notes":"Test patient for PHPUnit tests"}
    [created_at] => 2025-04-25 20:13:02
    [updated_at] => 2025-04-25 20:13:02
)

[2025-04-25 20:13:02] Patient created successfully:
HospitalManager\Models\Patient Object
(
    [type:protected] => post
    [status:protected] => draft
    [forceDelete:protected] => 
    [attributes:protected] => Array
        (
            [user_id] => 17
            [first_name] => Test
            [last_name] => Patient
            [phone] => 1234567890
            [date_of_birth] => 1990-01-01
            [gender] => Male
            [age] => 30
            [bio_data] => {"blood_group":"O+","genotype":"AA","height":"170","weight":"70","allergies":"None","chronic_conditions":"None","current_medications":"None","emergency_contact":"09087654321","notes":"Test patient for PHPUnit tests"}
            [created_at] => 2025-04-25 20:13:02
            [updated_at] => 2025-04-25 20:13:02
            [id] => 8
            [ID] => 8
        )

    [hidden:protected] => Array
        (
        )

    [registry:protected] => Array
        (
            [public] => 1
            [publicly_queryable] => 1
            [show_ui] => 1
            [show_in_menu] => 1
            [query_var] => 1
            [capability_type] => post
            [has_archive] => 1
            [hierarchical] => 
            [menu_position] => 
        )

    [registry_labels:protected] => Array
        (
        )

    [registry_supports:protected] => Array
        (
            [0] => title
            [1] => editor
            [2] => author
            [3] => thumbnail
            [4] => excerpt
            [5] => comments
        )

    [registry_rewrite:protected] => Array
        (
        )

    [registry_metabox:protected] => 1
    [registry_controller:protected] => 
    [registry_taxonomies:protected] => Array
        (
        )

    [meta:protected] => Array
        (
        )

    [decode_json_meta:protected] => 1
    [aliases:protected] => Array
        (
        )

    [rel:protected] => Array
        (
            [has_one] => Array
                (
                )

            [has_many] => Array
                (
                )

            [belongs_to] => Array
                (
                )

        )

    [primaryKey:protected] => id
    [tableName:protected] => hm_patients
    [fillable:protected] => Array
        (
            [0] => user_id
            [1] => first_name
            [2] => last_name
            [3] => hmo_id
            [4] => hmo_designated_id
            [5] => phone
            [6] => date_of_birth
            [7] => age
            [8] => gender
            [9] => address
            [10] => bio_data
        )

)

[2025-04-25 20:15:01] Creating test patient with data:
Array
(
    [user_id] => 3
    [first_name] => Test
    [last_name] => Patient
    [phone] => 1234567890
    [date_of_birth] => 1990-01-01
    [gender] => Male
    [age] => 30
    [bio_data] => {"blood_group":"O+","genotype":"AA","height":"170","weight":"70","allergies":"None","chronic_conditions":"None","current_medications":"None","emergency_contact":"09087654321","notes":"Test patient for PHPUnit tests"}
    [created_at] => 2025-04-25 20:15:01
    [updated_at] => 2025-04-25 20:15:01
)

[2025-04-25 20:15:01] Patient created successfully:
HospitalManager\Models\Patient Object
(
    [type:protected] => post
    [status:protected] => draft
    [forceDelete:protected] => 
    [attributes:protected] => Array
        (
            [user_id] => 3
            [first_name] => Test
            [last_name] => Patient
            [phone] => 1234567890
            [date_of_birth] => 1990-01-01
            [gender] => Male
            [age] => 30
            [bio_data] => {"blood_group":"O+","genotype":"AA","height":"170","weight":"70","allergies":"None","chronic_conditions":"None","current_medications":"None","emergency_contact":"09087654321","notes":"Test patient for PHPUnit tests"}
            [created_at] => 2025-04-25 20:15:01
            [updated_at] => 2025-04-25 20:15:01
            [id] => 1
            [ID] => 1
        )

    [hidden:protected] => Array
        (
        )

    [registry:protected] => Array
        (
            [public] => 1
            [publicly_queryable] => 1
            [show_ui] => 1
            [show_in_menu] => 1
            [query_var] => 1
            [capability_type] => post
            [has_archive] => 1
            [hierarchical] => 
            [menu_position] => 
        )

    [registry_labels:protected] => Array
        (
        )

    [registry_supports:protected] => Array
        (
            [0] => title
            [1] => editor
            [2] => author
            [3] => thumbnail
            [4] => excerpt
            [5] => comments
        )

    [registry_rewrite:protected] => Array
        (
        )

    [registry_metabox:protected] => 1
    [registry_controller:protected] => 
    [registry_taxonomies:protected] => Array
        (
        )

    [meta:protected] => Array
        (
        )

    [decode_json_meta:protected] => 1
    [aliases:protected] => Array
        (
        )

    [rel:protected] => Array
        (
            [has_one] => Array
                (
                )

            [has_many] => Array
                (
                )

            [belongs_to] => Array
                (
                )

        )

    [primaryKey:protected] => id
    [tableName:protected] => hm_patients
    [fillable:protected] => Array
        (
            [0] => user_id
            [1] => first_name
            [2] => last_name
            [3] => hmo_id
            [4] => hmo_designated_id
            [5] => phone
            [6] => date_of_birth
            [7] => age
            [8] => gender
            [9] => address
            [10] => bio_data
        )

)

[2025-04-25 20:15:01] testGetChatAsPatient
Array
(
    [0] => stdClass Object
        (
            [id] => 1
            [doctor_id] => 2
            [patient_id] => 1
            [status] => active
            [last_message_at] => 2025-04-25 21:15:01
            [created_at] => 2025-04-25 20:15:01
            [updated_at] => 2025-04-25 21:15:01
            [ID] => 1
        )

)

[2025-04-25 20:15:01] Creating test patient with data:
Array
(
    [user_id] => 5
    [first_name] => Test
    [last_name] => Patient
    [phone] => 1234567890
    [date_of_birth] => 1990-01-01
    [gender] => Male
    [age] => 30
    [bio_data] => {"blood_group":"O+","genotype":"AA","height":"170","weight":"70","allergies":"None","chronic_conditions":"None","current_medications":"None","emergency_contact":"09087654321","notes":"Test patient for PHPUnit tests"}
    [created_at] => 2025-04-25 20:15:01
    [updated_at] => 2025-04-25 20:15:01
)

[2025-04-25 20:15:01] Patient created successfully:
HospitalManager\Models\Patient Object
(
    [type:protected] => post
    [status:protected] => draft
    [forceDelete:protected] => 
    [attributes:protected] => Array
        (
            [user_id] => 5
            [first_name] => Test
            [last_name] => Patient
            [phone] => 1234567890
            [date_of_birth] => 1990-01-01
            [gender] => Male
            [age] => 30
            [bio_data] => {"blood_group":"O+","genotype":"AA","height":"170","weight":"70","allergies":"None","chronic_conditions":"None","current_medications":"None","emergency_contact":"09087654321","notes":"Test patient for PHPUnit tests"}
            [created_at] => 2025-04-25 20:15:01
            [updated_at] => 2025-04-25 20:15:01
            [id] => 2
            [ID] => 2
        )

    [hidden:protected] => Array
        (
        )

    [registry:protected] => Array
        (
            [public] => 1
            [publicly_queryable] => 1
            [show_ui] => 1
            [show_in_menu] => 1
            [query_var] => 1
            [capability_type] => post
            [has_archive] => 1
            [hierarchical] => 
            [menu_position] => 
        )

    [registry_labels:protected] => Array
        (
        )

    [registry_supports:protected] => Array
        (
            [0] => title
            [1] => editor
            [2] => author
            [3] => thumbnail
            [4] => excerpt
            [5] => comments
        )

    [registry_rewrite:protected] => Array
        (
        )

    [registry_metabox:protected] => 1
    [registry_controller:protected] => 
    [registry_taxonomies:protected] => Array
        (
        )

    [meta:protected] => Array
        (
        )

    [decode_json_meta:protected] => 1
    [aliases:protected] => Array
        (
        )

    [rel:protected] => Array
        (
            [has_one] => Array
                (
                )

            [has_many] => Array
                (
                )

            [belongs_to] => Array
                (
                )

        )

    [primaryKey:protected] => id
    [tableName:protected] => hm_patients
    [fillable:protected] => Array
        (
            [0] => user_id
            [1] => first_name
            [2] => last_name
            [3] => hmo_id
            [4] => hmo_designated_id
            [5] => phone
            [6] => date_of_birth
            [7] => age
            [8] => gender
            [9] => address
            [10] => bio_data
        )

)

[2025-04-25 20:15:01] Creating test patient with data:
Array
(
    [user_id] => 7
    [first_name] => Test
    [last_name] => Patient
    [phone] => 1234567890
    [date_of_birth] => 1990-01-01
    [gender] => Male
    [age] => 30
    [bio_data] => {"blood_group":"O+","genotype":"AA","height":"170","weight":"70","allergies":"None","chronic_conditions":"None","current_medications":"None","emergency_contact":"09087654321","notes":"Test patient for PHPUnit tests"}
    [created_at] => 2025-04-25 20:15:01
    [updated_at] => 2025-04-25 20:15:01
)

[2025-04-25 20:15:01] Patient created successfully:
HospitalManager\Models\Patient Object
(
    [type:protected] => post
    [status:protected] => draft
    [forceDelete:protected] => 
    [attributes:protected] => Array
        (
            [user_id] => 7
            [first_name] => Test
            [last_name] => Patient
            [phone] => 1234567890
            [date_of_birth] => 1990-01-01
            [gender] => Male
            [age] => 30
            [bio_data] => {"blood_group":"O+","genotype":"AA","height":"170","weight":"70","allergies":"None","chronic_conditions":"None","current_medications":"None","emergency_contact":"09087654321","notes":"Test patient for PHPUnit tests"}
            [created_at] => 2025-04-25 20:15:01
            [updated_at] => 2025-04-25 20:15:01
            [id] => 3
            [ID] => 3
        )

    [hidden:protected] => Array
        (
        )

    [registry:protected] => Array
        (
            [public] => 1
            [publicly_queryable] => 1
            [show_ui] => 1
            [show_in_menu] => 1
            [query_var] => 1
            [capability_type] => post
            [has_archive] => 1
            [hierarchical] => 
            [menu_position] => 
        )

    [registry_labels:protected] => Array
        (
        )

    [registry_supports:protected] => Array
        (
            [0] => title
            [1] => editor
            [2] => author
            [3] => thumbnail
            [4] => excerpt
            [5] => comments
        )

    [registry_rewrite:protected] => Array
        (
        )

    [registry_metabox:protected] => 1
    [registry_controller:protected] => 
    [registry_taxonomies:protected] => Array
        (
        )

    [meta:protected] => Array
        (
        )

    [decode_json_meta:protected] => 1
    [aliases:protected] => Array
        (
        )

    [rel:protected] => Array
        (
            [has_one] => Array
                (
                )

            [has_many] => Array
                (
                )

            [belongs_to] => Array
                (
                )

        )

    [primaryKey:protected] => id
    [tableName:protected] => hm_patients
    [fillable:protected] => Array
        (
            [0] => user_id
            [1] => first_name
            [2] => last_name
            [3] => hmo_id
            [4] => hmo_designated_id
            [5] => phone
            [6] => date_of_birth
            [7] => age
            [8] => gender
            [9] => address
            [10] => bio_data
        )

)

[2025-04-25 20:15:01] Creating test patient with data:
Array
(
    [user_id] => 9
    [first_name] => Test
    [last_name] => Patient
    [phone] => 1234567890
    [date_of_birth] => 1990-01-01
    [gender] => Male
    [age] => 30
    [bio_data] => {"blood_group":"O+","genotype":"AA","height":"170","weight":"70","allergies":"None","chronic_conditions":"None","current_medications":"None","emergency_contact":"09087654321","notes":"Test patient for PHPUnit tests"}
    [created_at] => 2025-04-25 20:15:01
    [updated_at] => 2025-04-25 20:15:01
)

[2025-04-25 20:15:01] Patient created successfully:
HospitalManager\Models\Patient Object
(
    [type:protected] => post
    [status:protected] => draft
    [forceDelete:protected] => 
    [attributes:protected] => Array
        (
            [user_id] => 9
            [first_name] => Test
            [last_name] => Patient
            [phone] => 1234567890
            [date_of_birth] => 1990-01-01
            [gender] => Male
            [age] => 30
            [bio_data] => {"blood_group":"O+","genotype":"AA","height":"170","weight":"70","allergies":"None","chronic_conditions":"None","current_medications":"None","emergency_contact":"09087654321","notes":"Test patient for PHPUnit tests"}
            [created_at] => 2025-04-25 20:15:01
            [updated_at] => 2025-04-25 20:15:01
            [id] => 4
            [ID] => 4
        )

    [hidden:protected] => Array
        (
        )

    [registry:protected] => Array
        (
            [public] => 1
            [publicly_queryable] => 1
            [show_ui] => 1
            [show_in_menu] => 1
            [query_var] => 1
            [capability_type] => post
            [has_archive] => 1
            [hierarchical] => 
            [menu_position] => 
        )

    [registry_labels:protected] => Array
        (
        )

    [registry_supports:protected] => Array
        (
            [0] => title
            [1] => editor
            [2] => author
            [3] => thumbnail
            [4] => excerpt
            [5] => comments
        )

    [registry_rewrite:protected] => Array
        (
        )

    [registry_metabox:protected] => 1
    [registry_controller:protected] => 
    [registry_taxonomies:protected] => Array
        (
        )

    [meta:protected] => Array
        (
        )

    [decode_json_meta:protected] => 1
    [aliases:protected] => Array
        (
        )

    [rel:protected] => Array
        (
            [has_one] => Array
                (
                )

            [has_many] => Array
                (
                )

            [belongs_to] => Array
                (
                )

        )

    [primaryKey:protected] => id
    [tableName:protected] => hm_patients
    [fillable:protected] => Array
        (
            [0] => user_id
            [1] => first_name
            [2] => last_name
            [3] => hmo_id
            [4] => hmo_designated_id
            [5] => phone
            [6] => date_of_birth
            [7] => age
            [8] => gender
            [9] => address
            [10] => bio_data
        )

)

[2025-04-25 20:15:02] Creating test patient with data:
Array
(
    [user_id] => 11
    [first_name] => Test
    [last_name] => Patient
    [phone] => 1234567890
    [date_of_birth] => 1990-01-01
    [gender] => Male
    [age] => 30
    [bio_data] => {"blood_group":"O+","genotype":"AA","height":"170","weight":"70","allergies":"None","chronic_conditions":"None","current_medications":"None","emergency_contact":"09087654321","notes":"Test patient for PHPUnit tests"}
    [created_at] => 2025-04-25 20:15:02
    [updated_at] => 2025-04-25 20:15:02
)

[2025-04-25 20:15:02] Patient created successfully:
HospitalManager\Models\Patient Object
(
    [type:protected] => post
    [status:protected] => draft
    [forceDelete:protected] => 
    [attributes:protected] => Array
        (
            [user_id] => 11
            [first_name] => Test
            [last_name] => Patient
            [phone] => 1234567890
            [date_of_birth] => 1990-01-01
            [gender] => Male
            [age] => 30
            [bio_data] => {"blood_group":"O+","genotype":"AA","height":"170","weight":"70","allergies":"None","chronic_conditions":"None","current_medications":"None","emergency_contact":"09087654321","notes":"Test patient for PHPUnit tests"}
            [created_at] => 2025-04-25 20:15:02
            [updated_at] => 2025-04-25 20:15:02
            [id] => 5
            [ID] => 5
        )

    [hidden:protected] => Array
        (
        )

    [registry:protected] => Array
        (
            [public] => 1
            [publicly_queryable] => 1
            [show_ui] => 1
            [show_in_menu] => 1
            [query_var] => 1
            [capability_type] => post
            [has_archive] => 1
            [hierarchical] => 
            [menu_position] => 
        )

    [registry_labels:protected] => Array
        (
        )

    [registry_supports:protected] => Array
        (
            [0] => title
            [1] => editor
            [2] => author
            [3] => thumbnail
            [4] => excerpt
            [5] => comments
        )

    [registry_rewrite:protected] => Array
        (
        )

    [registry_metabox:protected] => 1
    [registry_controller:protected] => 
    [registry_taxonomies:protected] => Array
        (
        )

    [meta:protected] => Array
        (
        )

    [decode_json_meta:protected] => 1
    [aliases:protected] => Array
        (
        )

    [rel:protected] => Array
        (
            [has_one] => Array
                (
                )

            [has_many] => Array
                (
                )

            [belongs_to] => Array
                (
                )

        )

    [primaryKey:protected] => id
    [tableName:protected] => hm_patients
    [fillable:protected] => Array
        (
            [0] => user_id
            [1] => first_name
            [2] => last_name
            [3] => hmo_id
            [4] => hmo_designated_id
            [5] => phone
            [6] => date_of_birth
            [7] => age
            [8] => gender
            [9] => address
            [10] => bio_data
        )

)

[2025-04-25 20:15:02] Creating test patient with data:
Array
(
    [user_id] => 13
    [first_name] => Test
    [last_name] => Patient
    [phone] => 1234567890
    [date_of_birth] => 1990-01-01
    [gender] => Male
    [age] => 30
    [bio_data] => {"blood_group":"O+","genotype":"AA","height":"170","weight":"70","allergies":"None","chronic_conditions":"None","current_medications":"None","emergency_contact":"09087654321","notes":"Test patient for PHPUnit tests"}
    [created_at] => 2025-04-25 20:15:02
    [updated_at] => 2025-04-25 20:15:02
)

[2025-04-25 20:15:02] Patient created successfully:
HospitalManager\Models\Patient Object
(
    [type:protected] => post
    [status:protected] => draft
    [forceDelete:protected] => 
    [attributes:protected] => Array
        (
            [user_id] => 13
            [first_name] => Test
            [last_name] => Patient
            [phone] => 1234567890
            [date_of_birth] => 1990-01-01
            [gender] => Male
            [age] => 30
            [bio_data] => {"blood_group":"O+","genotype":"AA","height":"170","weight":"70","allergies":"None","chronic_conditions":"None","current_medications":"None","emergency_contact":"09087654321","notes":"Test patient for PHPUnit tests"}
            [created_at] => 2025-04-25 20:15:02
            [updated_at] => 2025-04-25 20:15:02
            [id] => 6
            [ID] => 6
        )

    [hidden:protected] => Array
        (
        )

    [registry:protected] => Array
        (
            [public] => 1
            [publicly_queryable] => 1
            [show_ui] => 1
            [show_in_menu] => 1
            [query_var] => 1
            [capability_type] => post
            [has_archive] => 1
            [hierarchical] => 
            [menu_position] => 
        )

    [registry_labels:protected] => Array
        (
        )

    [registry_supports:protected] => Array
        (
            [0] => title
            [1] => editor
            [2] => author
            [3] => thumbnail
            [4] => excerpt
            [5] => comments
        )

    [registry_rewrite:protected] => Array
        (
        )

    [registry_metabox:protected] => 1
    [registry_controller:protected] => 
    [registry_taxonomies:protected] => Array
        (
        )

    [meta:protected] => Array
        (
        )

    [decode_json_meta:protected] => 1
    [aliases:protected] => Array
        (
        )

    [rel:protected] => Array
        (
            [has_one] => Array
                (
                )

            [has_many] => Array
                (
                )

            [belongs_to] => Array
                (
                )

        )

    [primaryKey:protected] => id
    [tableName:protected] => hm_patients
    [fillable:protected] => Array
        (
            [0] => user_id
            [1] => first_name
            [2] => last_name
            [3] => hmo_id
            [4] => hmo_designated_id
            [5] => phone
            [6] => date_of_birth
            [7] => age
            [8] => gender
            [9] => address
            [10] => bio_data
        )

)

[2025-04-25 20:15:02] Creating test patient with data:
Array
(
    [user_id] => 15
    [first_name] => Test
    [last_name] => Patient
    [phone] => 1234567890
    [date_of_birth] => 1990-01-01
    [gender] => Male
    [age] => 30
    [bio_data] => {"blood_group":"O+","genotype":"AA","height":"170","weight":"70","allergies":"None","chronic_conditions":"None","current_medications":"None","emergency_contact":"09087654321","notes":"Test patient for PHPUnit tests"}
    [created_at] => 2025-04-25 20:15:02
    [updated_at] => 2025-04-25 20:15:02
)

[2025-04-25 20:15:02] Patient created successfully:
HospitalManager\Models\Patient Object
(
    [type:protected] => post
    [status:protected] => draft
    [forceDelete:protected] => 
    [attributes:protected] => Array
        (
            [user_id] => 15
            [first_name] => Test
            [last_name] => Patient
            [phone] => 1234567890
            [date_of_birth] => 1990-01-01
            [gender] => Male
            [age] => 30
            [bio_data] => {"blood_group":"O+","genotype":"AA","height":"170","weight":"70","allergies":"None","chronic_conditions":"None","current_medications":"None","emergency_contact":"09087654321","notes":"Test patient for PHPUnit tests"}
            [created_at] => 2025-04-25 20:15:02
            [updated_at] => 2025-04-25 20:15:02
            [id] => 7
            [ID] => 7
        )

    [hidden:protected] => Array
        (
        )

    [registry:protected] => Array
        (
            [public] => 1
            [publicly_queryable] => 1
            [show_ui] => 1
            [show_in_menu] => 1
            [query_var] => 1
            [capability_type] => post
            [has_archive] => 1
            [hierarchical] => 
            [menu_position] => 
        )

    [registry_labels:protected] => Array
        (
        )

    [registry_supports:protected] => Array
        (
            [0] => title
            [1] => editor
            [2] => author
            [3] => thumbnail
            [4] => excerpt
            [5] => comments
        )

    [registry_rewrite:protected] => Array
        (
        )

    [registry_metabox:protected] => 1
    [registry_controller:protected] => 
    [registry_taxonomies:protected] => Array
        (
        )

    [meta:protected] => Array
        (
        )

    [decode_json_meta:protected] => 1
    [aliases:protected] => Array
        (
        )

    [rel:protected] => Array
        (
            [has_one] => Array
                (
                )

            [has_many] => Array
                (
                )

            [belongs_to] => Array
                (
                )

        )

    [primaryKey:protected] => id
    [tableName:protected] => hm_patients
    [fillable:protected] => Array
        (
            [0] => user_id
            [1] => first_name
            [2] => last_name
            [3] => hmo_id
            [4] => hmo_designated_id
            [5] => phone
            [6] => date_of_birth
            [7] => age
            [8] => gender
            [9] => address
            [10] => bio_data
        )

)

[2025-04-25 20:15:02] Creating test patient with data:
Array
(
    [user_id] => 17
    [first_name] => Test
    [last_name] => Patient
    [phone] => 1234567890
    [date_of_birth] => 1990-01-01
    [gender] => Male
    [age] => 30
    [bio_data] => {"blood_group":"O+","genotype":"AA","height":"170","weight":"70","allergies":"None","chronic_conditions":"None","current_medications":"None","emergency_contact":"09087654321","notes":"Test patient for PHPUnit tests"}
    [created_at] => 2025-04-25 20:15:02
    [updated_at] => 2025-04-25 20:15:02
)

[2025-04-25 20:15:02] Patient created successfully:
HospitalManager\Models\Patient Object
(
    [type:protected] => post
    [status:protected] => draft
    [forceDelete:protected] => 
    [attributes:protected] => Array
        (
            [user_id] => 17
            [first_name] => Test
            [last_name] => Patient
            [phone] => 1234567890
            [date_of_birth] => 1990-01-01
            [gender] => Male
            [age] => 30
            [bio_data] => {"blood_group":"O+","genotype":"AA","height":"170","weight":"70","allergies":"None","chronic_conditions":"None","current_medications":"None","emergency_contact":"09087654321","notes":"Test patient for PHPUnit tests"}
            [created_at] => 2025-04-25 20:15:02
            [updated_at] => 2025-04-25 20:15:02
            [id] => 8
            [ID] => 8
        )

    [hidden:protected] => Array
        (
        )

    [registry:protected] => Array
        (
            [public] => 1
            [publicly_queryable] => 1
            [show_ui] => 1
            [show_in_menu] => 1
            [query_var] => 1
            [capability_type] => post
            [has_archive] => 1
            [hierarchical] => 
            [menu_position] => 
        )

    [registry_labels:protected] => Array
        (
        )

    [registry_supports:protected] => Array
        (
            [0] => title
            [1] => editor
            [2] => author
            [3] => thumbnail
            [4] => excerpt
            [5] => comments
        )

    [registry_rewrite:protected] => Array
        (
        )

    [registry_metabox:protected] => 1
    [registry_controller:protected] => 
    [registry_taxonomies:protected] => Array
        (
        )

    [meta:protected] => Array
        (
        )

    [decode_json_meta:protected] => 1
    [aliases:protected] => Array
        (
        )

    [rel:protected] => Array
        (
            [has_one] => Array
                (
                )

            [has_many] => Array
                (
                )

            [belongs_to] => Array
                (
                )

        )

    [primaryKey:protected] => id
    [tableName:protected] => hm_patients
    [fillable:protected] => Array
        (
            [0] => user_id
            [1] => first_name
            [2] => last_name
            [3] => hmo_id
            [4] => hmo_designated_id
            [5] => phone
            [6] => date_of_birth
            [7] => age
            [8] => gender
            [9] => address
            [10] => bio_data
        )

)

[2025-04-25 20:18:58] Creating test patient with data:
Array
(
    [user_id] => 3
    [first_name] => Test
    [last_name] => Patient
    [phone] => 1234567890
    [date_of_birth] => 1990-01-01
    [gender] => Male
    [age] => 30
    [bio_data] => {"blood_group":"O+","genotype":"AA","height":"170","weight":"70","allergies":"None","chronic_conditions":"None","current_medications":"None","emergency_contact":"09087654321","notes":"Test patient for PHPUnit tests"}
    [created_at] => 2025-04-25 20:18:58
    [updated_at] => 2025-04-25 20:18:58
)

[2025-04-25 20:18:58] Patient created successfully:
HospitalManager\Models\Patient Object
(
    [type:protected] => post
    [status:protected] => draft
    [forceDelete:protected] => 
    [attributes:protected] => Array
        (
            [user_id] => 3
            [first_name] => Test
            [last_name] => Patient
            [phone] => 1234567890
            [date_of_birth] => 1990-01-01
            [gender] => Male
            [age] => 30
            [bio_data] => {"blood_group":"O+","genotype":"AA","height":"170","weight":"70","allergies":"None","chronic_conditions":"None","current_medications":"None","emergency_contact":"09087654321","notes":"Test patient for PHPUnit tests"}
            [created_at] => 2025-04-25 20:18:58
            [updated_at] => 2025-04-25 20:18:58
            [id] => 1
            [ID] => 1
        )

    [hidden:protected] => Array
        (
        )

    [registry:protected] => Array
        (
            [public] => 1
            [publicly_queryable] => 1
            [show_ui] => 1
            [show_in_menu] => 1
            [query_var] => 1
            [capability_type] => post
            [has_archive] => 1
            [hierarchical] => 
            [menu_position] => 
        )

    [registry_labels:protected] => Array
        (
        )

    [registry_supports:protected] => Array
        (
            [0] => title
            [1] => editor
            [2] => author
            [3] => thumbnail
            [4] => excerpt
            [5] => comments
        )

    [registry_rewrite:protected] => Array
        (
        )

    [registry_metabox:protected] => 1
    [registry_controller:protected] => 
    [registry_taxonomies:protected] => Array
        (
        )

    [meta:protected] => Array
        (
        )

    [decode_json_meta:protected] => 1
    [aliases:protected] => Array
        (
        )

    [rel:protected] => Array
        (
            [has_one] => Array
                (
                )

            [has_many] => Array
                (
                )

            [belongs_to] => Array
                (
                )

        )

    [primaryKey:protected] => id
    [tableName:protected] => hm_patients
    [fillable:protected] => Array
        (
            [0] => user_id
            [1] => first_name
            [2] => last_name
            [3] => hmo_id
            [4] => hmo_designated_id
            [5] => phone
            [6] => date_of_birth
            [7] => age
            [8] => gender
            [9] => address
            [10] => bio_data
        )

)

[2025-04-25 20:18:58] Creating test patient with data:
Array
(
    [user_id] => 5
    [first_name] => Test
    [last_name] => Patient
    [phone] => 1234567890
    [date_of_birth] => 1990-01-01
    [gender] => Male
    [age] => 30
    [bio_data] => {"blood_group":"O+","genotype":"AA","height":"170","weight":"70","allergies":"None","chronic_conditions":"None","current_medications":"None","emergency_contact":"09087654321","notes":"Test patient for PHPUnit tests"}
    [created_at] => 2025-04-25 20:18:58
    [updated_at] => 2025-04-25 20:18:58
)

[2025-04-25 20:18:58] Patient created successfully:
HospitalManager\Models\Patient Object
(
    [type:protected] => post
    [status:protected] => draft
    [forceDelete:protected] => 
    [attributes:protected] => Array
        (
            [user_id] => 5
            [first_name] => Test
            [last_name] => Patient
            [phone] => 1234567890
            [date_of_birth] => 1990-01-01
            [gender] => Male
            [age] => 30
            [bio_data] => {"blood_group":"O+","genotype":"AA","height":"170","weight":"70","allergies":"None","chronic_conditions":"None","current_medications":"None","emergency_contact":"09087654321","notes":"Test patient for PHPUnit tests"}
            [created_at] => 2025-04-25 20:18:58
            [updated_at] => 2025-04-25 20:18:58
            [id] => 2
            [ID] => 2
        )

    [hidden:protected] => Array
        (
        )

    [registry:protected] => Array
        (
            [public] => 1
            [publicly_queryable] => 1
            [show_ui] => 1
            [show_in_menu] => 1
            [query_var] => 1
            [capability_type] => post
            [has_archive] => 1
            [hierarchical] => 
            [menu_position] => 
        )

    [registry_labels:protected] => Array
        (
        )

    [registry_supports:protected] => Array
        (
            [0] => title
            [1] => editor
            [2] => author
            [3] => thumbnail
            [4] => excerpt
            [5] => comments
        )

    [registry_rewrite:protected] => Array
        (
        )

    [registry_metabox:protected] => 1
    [registry_controller:protected] => 
    [registry_taxonomies:protected] => Array
        (
        )

    [meta:protected] => Array
        (
        )

    [decode_json_meta:protected] => 1
    [aliases:protected] => Array
        (
        )

    [rel:protected] => Array
        (
            [has_one] => Array
                (
                )

            [has_many] => Array
                (
                )

            [belongs_to] => Array
                (
                )

        )

    [primaryKey:protected] => id
    [tableName:protected] => hm_patients
    [fillable:protected] => Array
        (
            [0] => user_id
            [1] => first_name
            [2] => last_name
            [3] => hmo_id
            [4] => hmo_designated_id
            [5] => phone
            [6] => date_of_birth
            [7] => age
            [8] => gender
            [9] => address
            [10] => bio_data
        )

)

[2025-04-25 20:18:58] Creating test patient with data:
Array
(
    [user_id] => 7
    [first_name] => Test
    [last_name] => Patient
    [phone] => 1234567890
    [date_of_birth] => 1990-01-01
    [gender] => Male
    [age] => 30
    [bio_data] => {"blood_group":"O+","genotype":"AA","height":"170","weight":"70","allergies":"None","chronic_conditions":"None","current_medications":"None","emergency_contact":"09087654321","notes":"Test patient for PHPUnit tests"}
    [created_at] => 2025-04-25 20:18:58
    [updated_at] => 2025-04-25 20:18:58
)

[2025-04-25 20:18:58] Patient created successfully:
HospitalManager\Models\Patient Object
(
    [type:protected] => post
    [status:protected] => draft
    [forceDelete:protected] => 
    [attributes:protected] => Array
        (
            [user_id] => 7
            [first_name] => Test
            [last_name] => Patient
            [phone] => 1234567890
            [date_of_birth] => 1990-01-01
            [gender] => Male
            [age] => 30
            [bio_data] => {"blood_group":"O+","genotype":"AA","height":"170","weight":"70","allergies":"None","chronic_conditions":"None","current_medications":"None","emergency_contact":"09087654321","notes":"Test patient for PHPUnit tests"}
            [created_at] => 2025-04-25 20:18:58
            [updated_at] => 2025-04-25 20:18:58
            [id] => 3
            [ID] => 3
        )

    [hidden:protected] => Array
        (
        )

    [registry:protected] => Array
        (
            [public] => 1
            [publicly_queryable] => 1
            [show_ui] => 1
            [show_in_menu] => 1
            [query_var] => 1
            [capability_type] => post
            [has_archive] => 1
            [hierarchical] => 
            [menu_position] => 
        )

    [registry_labels:protected] => Array
        (
        )

    [registry_supports:protected] => Array
        (
            [0] => title
            [1] => editor
            [2] => author
            [3] => thumbnail
            [4] => excerpt
            [5] => comments
        )

    [registry_rewrite:protected] => Array
        (
        )

    [registry_metabox:protected] => 1
    [registry_controller:protected] => 
    [registry_taxonomies:protected] => Array
        (
        )

    [meta:protected] => Array
        (
        )

    [decode_json_meta:protected] => 1
    [aliases:protected] => Array
        (
        )

    [rel:protected] => Array
        (
            [has_one] => Array
                (
                )

            [has_many] => Array
                (
                )

            [belongs_to] => Array
                (
                )

        )

    [primaryKey:protected] => id
    [tableName:protected] => hm_patients
    [fillable:protected] => Array
        (
            [0] => user_id
            [1] => first_name
            [2] => last_name
            [3] => hmo_id
            [4] => hmo_designated_id
            [5] => phone
            [6] => date_of_birth
            [7] => age
            [8] => gender
            [9] => address
            [10] => bio_data
        )

)

[2025-04-25 20:18:58] Creating test patient with data:
Array
(
    [user_id] => 9
    [first_name] => Test
    [last_name] => Patient
    [phone] => 1234567890
    [date_of_birth] => 1990-01-01
    [gender] => Male
    [age] => 30
    [bio_data] => {"blood_group":"O+","genotype":"AA","height":"170","weight":"70","allergies":"None","chronic_conditions":"None","current_medications":"None","emergency_contact":"09087654321","notes":"Test patient for PHPUnit tests"}
    [created_at] => 2025-04-25 20:18:58
    [updated_at] => 2025-04-25 20:18:58
)

[2025-04-25 20:18:58] Patient created successfully:
HospitalManager\Models\Patient Object
(
    [type:protected] => post
    [status:protected] => draft
    [forceDelete:protected] => 
    [attributes:protected] => Array
        (
            [user_id] => 9
            [first_name] => Test
            [last_name] => Patient
            [phone] => 1234567890
            [date_of_birth] => 1990-01-01
            [gender] => Male
            [age] => 30
            [bio_data] => {"blood_group":"O+","genotype":"AA","height":"170","weight":"70","allergies":"None","chronic_conditions":"None","current_medications":"None","emergency_contact":"09087654321","notes":"Test patient for PHPUnit tests"}
            [created_at] => 2025-04-25 20:18:58
            [updated_at] => 2025-04-25 20:18:58
            [id] => 4
            [ID] => 4
        )

    [hidden:protected] => Array
        (
        )

    [registry:protected] => Array
        (
            [public] => 1
            [publicly_queryable] => 1
            [show_ui] => 1
            [show_in_menu] => 1
            [query_var] => 1
            [capability_type] => post
            [has_archive] => 1
            [hierarchical] => 
            [menu_position] => 
        )

    [registry_labels:protected] => Array
        (
        )

    [registry_supports:protected] => Array
        (
            [0] => title
            [1] => editor
            [2] => author
            [3] => thumbnail
            [4] => excerpt
            [5] => comments
        )

    [registry_rewrite:protected] => Array
        (
        )

    [registry_metabox:protected] => 1
    [registry_controller:protected] => 
    [registry_taxonomies:protected] => Array
        (
        )

    [meta:protected] => Array
        (
        )

    [decode_json_meta:protected] => 1
    [aliases:protected] => Array
        (
        )

    [rel:protected] => Array
        (
            [has_one] => Array
                (
                )

            [has_many] => Array
                (
                )

            [belongs_to] => Array
                (
                )

        )

    [primaryKey:protected] => id
    [tableName:protected] => hm_patients
    [fillable:protected] => Array
        (
            [0] => user_id
            [1] => first_name
            [2] => last_name
            [3] => hmo_id
            [4] => hmo_designated_id
            [5] => phone
            [6] => date_of_birth
            [7] => age
            [8] => gender
            [9] => address
            [10] => bio_data
        )

)

[2025-04-25 20:18:59] Creating test patient with data:
Array
(
    [user_id] => 11
    [first_name] => Test
    [last_name] => Patient
    [phone] => 1234567890
    [date_of_birth] => 1990-01-01
    [gender] => Male
    [age] => 30
    [bio_data] => {"blood_group":"O+","genotype":"AA","height":"170","weight":"70","allergies":"None","chronic_conditions":"None","current_medications":"None","emergency_contact":"09087654321","notes":"Test patient for PHPUnit tests"}
    [created_at] => 2025-04-25 20:18:59
    [updated_at] => 2025-04-25 20:18:59
)

[2025-04-25 20:18:59] Patient created successfully:
HospitalManager\Models\Patient Object
(
    [type:protected] => post
    [status:protected] => draft
    [forceDelete:protected] => 
    [attributes:protected] => Array
        (
            [user_id] => 11
            [first_name] => Test
            [last_name] => Patient
            [phone] => 1234567890
            [date_of_birth] => 1990-01-01
            [gender] => Male
            [age] => 30
            [bio_data] => {"blood_group":"O+","genotype":"AA","height":"170","weight":"70","allergies":"None","chronic_conditions":"None","current_medications":"None","emergency_contact":"09087654321","notes":"Test patient for PHPUnit tests"}
            [created_at] => 2025-04-25 20:18:59
            [updated_at] => 2025-04-25 20:18:59
            [id] => 5
            [ID] => 5
        )

    [hidden:protected] => Array
        (
        )

    [registry:protected] => Array
        (
            [public] => 1
            [publicly_queryable] => 1
            [show_ui] => 1
            [show_in_menu] => 1
            [query_var] => 1
            [capability_type] => post
            [has_archive] => 1
            [hierarchical] => 
            [menu_position] => 
        )

    [registry_labels:protected] => Array
        (
        )

    [registry_supports:protected] => Array
        (
            [0] => title
            [1] => editor
            [2] => author
            [3] => thumbnail
            [4] => excerpt
            [5] => comments
        )

    [registry_rewrite:protected] => Array
        (
        )

    [registry_metabox:protected] => 1
    [registry_controller:protected] => 
    [registry_taxonomies:protected] => Array
        (
        )

    [meta:protected] => Array
        (
        )

    [decode_json_meta:protected] => 1
    [aliases:protected] => Array
        (
        )

    [rel:protected] => Array
        (
            [has_one] => Array
                (
                )

            [has_many] => Array
                (
                )

            [belongs_to] => Array
                (
                )

        )

    [primaryKey:protected] => id
    [tableName:protected] => hm_patients
    [fillable:protected] => Array
        (
            [0] => user_id
            [1] => first_name
            [2] => last_name
            [3] => hmo_id
            [4] => hmo_designated_id
            [5] => phone
            [6] => date_of_birth
            [7] => age
            [8] => gender
            [9] => address
            [10] => bio_data
        )

)

[2025-04-25 20:18:59] Creating test patient with data:
Array
(
    [user_id] => 13
    [first_name] => Test
    [last_name] => Patient
    [phone] => 1234567890
    [date_of_birth] => 1990-01-01
    [gender] => Male
    [age] => 30
    [bio_data] => {"blood_group":"O+","genotype":"AA","height":"170","weight":"70","allergies":"None","chronic_conditions":"None","current_medications":"None","emergency_contact":"09087654321","notes":"Test patient for PHPUnit tests"}
    [created_at] => 2025-04-25 20:18:59
    [updated_at] => 2025-04-25 20:18:59
)

[2025-04-25 20:18:59] Patient created successfully:
HospitalManager\Models\Patient Object
(
    [type:protected] => post
    [status:protected] => draft
    [forceDelete:protected] => 
    [attributes:protected] => Array
        (
            [user_id] => 13
            [first_name] => Test
            [last_name] => Patient
            [phone] => 1234567890
            [date_of_birth] => 1990-01-01
            [gender] => Male
            [age] => 30
            [bio_data] => {"blood_group":"O+","genotype":"AA","height":"170","weight":"70","allergies":"None","chronic_conditions":"None","current_medications":"None","emergency_contact":"09087654321","notes":"Test patient for PHPUnit tests"}
            [created_at] => 2025-04-25 20:18:59
            [updated_at] => 2025-04-25 20:18:59
            [id] => 6
            [ID] => 6
        )

    [hidden:protected] => Array
        (
        )

    [registry:protected] => Array
        (
            [public] => 1
            [publicly_queryable] => 1
            [show_ui] => 1
            [show_in_menu] => 1
            [query_var] => 1
            [capability_type] => post
            [has_archive] => 1
            [hierarchical] => 
            [menu_position] => 
        )

    [registry_labels:protected] => Array
        (
        )

    [registry_supports:protected] => Array
        (
            [0] => title
            [1] => editor
            [2] => author
            [3] => thumbnail
            [4] => excerpt
            [5] => comments
        )

    [registry_rewrite:protected] => Array
        (
        )

    [registry_metabox:protected] => 1
    [registry_controller:protected] => 
    [registry_taxonomies:protected] => Array
        (
        )

    [meta:protected] => Array
        (
        )

    [decode_json_meta:protected] => 1
    [aliases:protected] => Array
        (
        )

    [rel:protected] => Array
        (
            [has_one] => Array
                (
                )

            [has_many] => Array
                (
                )

            [belongs_to] => Array
                (
                )

        )

    [primaryKey:protected] => id
    [tableName:protected] => hm_patients
    [fillable:protected] => Array
        (
            [0] => user_id
            [1] => first_name
            [2] => last_name
            [3] => hmo_id
            [4] => hmo_designated_id
            [5] => phone
            [6] => date_of_birth
            [7] => age
            [8] => gender
            [9] => address
            [10] => bio_data
        )

)

[2025-04-25 20:18:59] Creating test patient with data:
Array
(
    [user_id] => 15
    [first_name] => Test
    [last_name] => Patient
    [phone] => 1234567890
    [date_of_birth] => 1990-01-01
    [gender] => Male
    [age] => 30
    [bio_data] => {"blood_group":"O+","genotype":"AA","height":"170","weight":"70","allergies":"None","chronic_conditions":"None","current_medications":"None","emergency_contact":"09087654321","notes":"Test patient for PHPUnit tests"}
    [created_at] => 2025-04-25 20:18:59
    [updated_at] => 2025-04-25 20:18:59
)

[2025-04-25 20:18:59] Patient created successfully:
HospitalManager\Models\Patient Object
(
    [type:protected] => post
    [status:protected] => draft
    [forceDelete:protected] => 
    [attributes:protected] => Array
        (
            [user_id] => 15
            [first_name] => Test
            [last_name] => Patient
            [phone] => 1234567890
            [date_of_birth] => 1990-01-01
            [gender] => Male
            [age] => 30
            [bio_data] => {"blood_group":"O+","genotype":"AA","height":"170","weight":"70","allergies":"None","chronic_conditions":"None","current_medications":"None","emergency_contact":"09087654321","notes":"Test patient for PHPUnit tests"}
            [created_at] => 2025-04-25 20:18:59
            [updated_at] => 2025-04-25 20:18:59
            [id] => 7
            [ID] => 7
        )

    [hidden:protected] => Array
        (
        )

    [registry:protected] => Array
        (
            [public] => 1
            [publicly_queryable] => 1
            [show_ui] => 1
            [show_in_menu] => 1
            [query_var] => 1
            [capability_type] => post
            [has_archive] => 1
            [hierarchical] => 
            [menu_position] => 
        )

    [registry_labels:protected] => Array
        (
        )

    [registry_supports:protected] => Array
        (
            [0] => title
            [1] => editor
            [2] => author
            [3] => thumbnail
            [4] => excerpt
            [5] => comments
        )

    [registry_rewrite:protected] => Array
        (
        )

    [registry_metabox:protected] => 1
    [registry_controller:protected] => 
    [registry_taxonomies:protected] => Array
        (
        )

    [meta:protected] => Array
        (
        )

    [decode_json_meta:protected] => 1
    [aliases:protected] => Array
        (
        )

    [rel:protected] => Array
        (
            [has_one] => Array
                (
                )

            [has_many] => Array
                (
                )

            [belongs_to] => Array
                (
                )

        )

    [primaryKey:protected] => id
    [tableName:protected] => hm_patients
    [fillable:protected] => Array
        (
            [0] => user_id
            [1] => first_name
            [2] => last_name
            [3] => hmo_id
            [4] => hmo_designated_id
            [5] => phone
            [6] => date_of_birth
            [7] => age
            [8] => gender
            [9] => address
            [10] => bio_data
        )

)

[2025-04-25 20:18:59] Creating test patient with data:
Array
(
    [user_id] => 17
    [first_name] => Test
    [last_name] => Patient
    [phone] => 1234567890
    [date_of_birth] => 1990-01-01
    [gender] => Male
    [age] => 30
    [bio_data] => {"blood_group":"O+","genotype":"AA","height":"170","weight":"70","allergies":"None","chronic_conditions":"None","current_medications":"None","emergency_contact":"09087654321","notes":"Test patient for PHPUnit tests"}
    [created_at] => 2025-04-25 20:18:59
    [updated_at] => 2025-04-25 20:18:59
)

[2025-04-25 20:18:59] Patient created successfully:
HospitalManager\Models\Patient Object
(
    [type:protected] => post
    [status:protected] => draft
    [forceDelete:protected] => 
    [attributes:protected] => Array
        (
            [user_id] => 17
            [first_name] => Test
            [last_name] => Patient
            [phone] => 1234567890
            [date_of_birth] => 1990-01-01
            [gender] => Male
            [age] => 30
            [bio_data] => {"blood_group":"O+","genotype":"AA","height":"170","weight":"70","allergies":"None","chronic_conditions":"None","current_medications":"None","emergency_contact":"09087654321","notes":"Test patient for PHPUnit tests"}
            [created_at] => 2025-04-25 20:18:59
            [updated_at] => 2025-04-25 20:18:59
            [id] => 8
            [ID] => 8
        )

    [hidden:protected] => Array
        (
        )

    [registry:protected] => Array
        (
            [public] => 1
            [publicly_queryable] => 1
            [show_ui] => 1
            [show_in_menu] => 1
            [query_var] => 1
            [capability_type] => post
            [has_archive] => 1
            [hierarchical] => 
            [menu_position] => 
        )

    [registry_labels:protected] => Array
        (
        )

    [registry_supports:protected] => Array
        (
            [0] => title
            [1] => editor
            [2] => author
            [3] => thumbnail
            [4] => excerpt
            [5] => comments
        )

    [registry_rewrite:protected] => Array
        (
        )

    [registry_metabox:protected] => 1
    [registry_controller:protected] => 
    [registry_taxonomies:protected] => Array
        (
        )

    [meta:protected] => Array
        (
        )

    [decode_json_meta:protected] => 1
    [aliases:protected] => Array
        (
        )

    [rel:protected] => Array
        (
            [has_one] => Array
                (
                )

            [has_many] => Array
                (
                )

            [belongs_to] => Array
                (
                )

        )

    [primaryKey:protected] => id
    [tableName:protected] => hm_patients
    [fillable:protected] => Array
        (
            [0] => user_id
            [1] => first_name
            [2] => last_name
            [3] => hmo_id
            [4] => hmo_designated_id
            [5] => phone
            [6] => date_of_birth
            [7] => age
            [8] => gender
            [9] => address
            [10] => bio_data
        )

)

